<html>
<body>
<pre>
<h1>µVision Build Log</h1>
<h2>Project:</h2>
D:\Lpc2378\LED\MDK-ARM\Gpio.uvproj
Project File Date:  11/01/2019

<h2>Output:</h2>
Build target 'LPC2300'
assembling LPC2300.s...
compiling main.c...
compiling GPIO.c...
linking...
Program Size: Code=1884 RO-data=16 RW-data=0 ZI-data=1384  
"Gpio.axf" - 0 Error(s), 0 Warning(s).
Clean started: Project: 'Gpio'
   deleting intermediate output files for target 'LPC2300'
Build target 'LPC2300'
assembling LPC2300.s...
compiling main.c...
compiling GPIO.c...
linking...
Program Size: Code=1884 RO-data=16 RW-data=0 ZI-data=1384  
FromELF: creating hex file...
".\Obj\Gpio.axf" - 0 Error(s), 0 Warning(s).
Build target 'LPC2300'
assembling LPC2300.s...
compiling main.c...
compiling GPIO.c...
linking...
Program Size: Code=1696 RO-data=16 RW-data=0 ZI-data=1384  
FromELF: creating hex file...
".\Obj\Gpio.axf" - 0 Error(s), 0 Warning(s).
Build target 'LPC2300'
assembling LPC2300.s...
compiling main.c...
compiling GPIO.c...
linking...
Program Size: Code=2048 RO-data=16 RW-data=0 ZI-data=1384  
FromELF: creating hex file...
".\Obj\Gpio.axf" - 0 Error(s), 0 Warning(s).
Build target 'LPC2300'
assembling LPC2300.s...
compiling main.c...
compiling GPIO.c...
linking...
Program Size: Code=2048 RO-data=16 RW-data=0 ZI-data=1384  
FromELF: creating hex file...
".\Obj\Gpio.axf" - 0 Error(s), 0 Warning(s).
Build target 'LPC2300'
assembling LPC2300.s...
compiling main.c...
compiling GPIO.c...
linking...
Program Size: Code=2048 RO-data=16 RW-data=0 ZI-data=1384  
FromELF: creating hex file...
".\Obj\Gpio.axf" - 0 Error(s), 0 Warning(s).
Build target 'LPC2300'
assembling LPC2300.s...
compiling main.c...
compiling GPIO.c...
linking...
Program Size: Code=2048 RO-data=16 RW-data=0 ZI-data=1384  
FromELF: creating hex file...
".\Obj\Gpio.axf" - 0 Error(s), 0 Warning(s).
